// Jest Snapshot v1, https://goo.gl/fbAQLP

exports[`<Button /> should render the Button component correctly 1`] = `[Function]`;
