// Jest Snapshot v1, https://goo.gl/fbAQLP

exports[`<InfoBanner /> should render the InfoBanner component correctly 1`] = `[Function]`;
