// Jest Snapshot v1, https://goo.gl/fbAQLP

exports[`<TemplateCard /> should render the TemplateCard component correctly 1`] = `[Function]`;
