// Jest Snapshot v1, https://goo.gl/fbAQLP

exports[`<TemplateListHeader /> should render the TemplateListHeader component correctly 1`] = `[Function]`;
