// Jest Snapshot v1, https://goo.gl/fbAQLP

exports[`<FormControls /> should render the FormControls component correctly 1`] = `[Function]`;
