// Jest Snapshot v1, https://goo.gl/fbAQLP

exports[`<Select /> should render the Select component correctly 1`] = `[Function]`;
