// Jest Snapshot v1, https://goo.gl/fbAQLP

exports[`<Input /> should render the Input component correctly 1`] = `[Function]`;
