// Jest Snapshot v1, https://goo.gl/fbAQLP

exports[`<HomeLayout /> should render the HomeLayout component correctly 1`] = `[Function]`;
