// Jest Snapshot v1, https://goo.gl/fbAQLP

exports[`<TemplateCardList /> should render the TemplateCardList component correctly 1`] = `[Function]`;
