// Jest Snapshot v1, https://goo.gl/fbAQLP

exports[`<PageControls /> should render the PageControls component correctly 1`] = `[Function]`;
